Archive member included because of file (symbol)

c:/emblocks/2.30/share/em_armgcc/bin/../lib/gcc/arm-none-eabi/4.7.3/../../../../arm-none-eabi/lib/armv7e-m/fpu\librdimon.a(rdimon-syscalls.o)
                              c:/emblocks/2.30/share/em_armgcc/bin/../lib/gcc/arm-none-eabi/4.7.3/../../../../arm-none-eabi/lib/armv7e-m/fpu/rdimon-crt0.o (initialise_monitor_handles)
c:/emblocks/2.30/share/em_armgcc/bin/../lib/gcc/arm-none-eabi/4.7.3/armv7e-m/fpu\libgcc.a(_arm_addsubdf3.o)
                              .\_out_\debug\~#\libc\stdio\c_fcvt.o (__aeabi_dadd)
c:/emblocks/2.30/share/em_armgcc/bin/../lib/gcc/arm-none-eabi/4.7.3/armv7e-m/fpu\libgcc.a(_arm_muldivdf3.o)
                              .\_out_\debug\~#\libc\stdio\c_fcvt.o (__aeabi_dmul)
c:/emblocks/2.30/share/em_armgcc/bin/../lib/gcc/arm-none-eabi/4.7.3/armv7e-m/fpu\libgcc.a(_arm_cmpdf2.o)
                              .\_out_\debug\~#\libc\stdio\c_fcvt.o (__aeabi_dcmpeq)
c:/emblocks/2.30/share/em_armgcc/bin/../lib/gcc/arm-none-eabi/4.7.3/armv7e-m/fpu\libgcc.a(_arm_fixdfsi.o)
                              .\_out_\debug\~#\libc\stdio\c_fcvt.o (__aeabi_d2iz)
c:/emblocks/2.30/share/em_armgcc/bin/../lib/gcc/arm-none-eabi/4.7.3/armv7e-m/fpu\libgcc.a(_aeabi_uldivmod.o)
                              .\_out_\debug\~#\libc\stdio\c_output.o (__aeabi_uldivmod)
c:/emblocks/2.30/share/em_armgcc/bin/../lib/gcc/arm-none-eabi/4.7.3/armv7e-m/fpu\libgcc.a(bpabi.o)
                              c:/emblocks/2.30/share/em_armgcc/bin/../lib/gcc/arm-none-eabi/4.7.3/armv7e-m/fpu\libgcc.a(_aeabi_uldivmod.o) (__gnu_uldivmod_helper)
c:/emblocks/2.30/share/em_armgcc/bin/../lib/gcc/arm-none-eabi/4.7.3/armv7e-m/fpu\libgcc.a(_dvmd_tls.o)
                              c:/emblocks/2.30/share/em_armgcc/bin/../lib/gcc/arm-none-eabi/4.7.3/armv7e-m/fpu\libgcc.a(_aeabi_uldivmod.o) (__aeabi_ldiv0)
c:/emblocks/2.30/share/em_armgcc/bin/../lib/gcc/arm-none-eabi/4.7.3/armv7e-m/fpu\libgcc.a(_divdi3.o)
                              c:/emblocks/2.30/share/em_armgcc/bin/../lib/gcc/arm-none-eabi/4.7.3/armv7e-m/fpu\libgcc.a(bpabi.o) (__divdi3)
c:/emblocks/2.30/share/em_armgcc/bin/../lib/gcc/arm-none-eabi/4.7.3/armv7e-m/fpu\libgcc.a(_udivdi3.o)
                              c:/emblocks/2.30/share/em_armgcc/bin/../lib/gcc/arm-none-eabi/4.7.3/armv7e-m/fpu\libgcc.a(bpabi.o) (__udivdi3)
c:/emblocks/2.30/share/em_armgcc/bin/../lib/gcc/arm-none-eabi/4.7.3/../../../../arm-none-eabi/lib/armv7e-m/fpu\libc.a(lib_a-errno.o)
                              c:/emblocks/2.30/share/em_armgcc/bin/../lib/gcc/arm-none-eabi/4.7.3/../../../../arm-none-eabi/lib/armv7e-m/fpu\librdimon.a(rdimon-syscalls.o) (__errno)
c:/emblocks/2.30/share/em_armgcc/bin/../lib/gcc/arm-none-eabi/4.7.3/../../../../arm-none-eabi/lib/armv7e-m/fpu\libc.a(lib_a-exit.o)
                              c:/emblocks/2.30/share/em_armgcc/bin/../lib/gcc/arm-none-eabi/4.7.3/../../../../arm-none-eabi/lib/armv7e-m/fpu/rdimon-crt0.o (exit)
c:/emblocks/2.30/share/em_armgcc/bin/../lib/gcc/arm-none-eabi/4.7.3/../../../../arm-none-eabi/lib/armv7e-m/fpu\libc.a(lib_a-findfp.o)
                              c:/emblocks/2.30/share/em_armgcc/bin/../lib/gcc/arm-none-eabi/4.7.3/../../../../arm-none-eabi/lib/armv7e-m/fpu\librdimon.a(rdimon-syscalls.o) (__sinit)
c:/emblocks/2.30/share/em_armgcc/bin/../lib/gcc/arm-none-eabi/4.7.3/../../../../arm-none-eabi/lib/armv7e-m/fpu\libc.a(lib_a-fwalk.o)
                              c:/emblocks/2.30/share/em_armgcc/bin/../lib/gcc/arm-none-eabi/4.7.3/../../../../arm-none-eabi/lib/armv7e-m/fpu\libc.a(lib_a-findfp.o) (_fwalk)
c:/emblocks/2.30/share/em_armgcc/bin/../lib/gcc/arm-none-eabi/4.7.3/../../../../arm-none-eabi/lib/armv7e-m/fpu\libc.a(lib_a-impure.o)
                              c:/emblocks/2.30/share/em_armgcc/bin/../lib/gcc/arm-none-eabi/4.7.3/../../../../arm-none-eabi/lib/armv7e-m/fpu\libc.a(lib_a-exit.o) (_global_impure_ptr)
c:/emblocks/2.30/share/em_armgcc/bin/../lib/gcc/arm-none-eabi/4.7.3/../../../../arm-none-eabi/lib/armv7e-m/fpu\libc.a(lib_a-init.o)
                              c:/emblocks/2.30/share/em_armgcc/bin/../lib/gcc/arm-none-eabi/4.7.3/../../../../arm-none-eabi/lib/armv7e-m/fpu/rdimon-crt0.o (__libc_init_array)
c:/emblocks/2.30/share/em_armgcc/bin/../lib/gcc/arm-none-eabi/4.7.3/../../../../arm-none-eabi/lib/armv7e-m/fpu\libc.a(lib_a-mallocr.o)
                              c:/emblocks/2.30/share/em_armgcc/bin/../lib/gcc/arm-none-eabi/4.7.3/../../../../arm-none-eabi/lib/armv7e-m/fpu\libc.a(lib_a-findfp.o) (_malloc_r)
c:/emblocks/2.30/share/em_armgcc/bin/../lib/gcc/arm-none-eabi/4.7.3/../../../../arm-none-eabi/lib/armv7e-m/fpu\libc.a(lib_a-memcpy.o)
                              .\_out_\debug\~#\libc\stdio\c_output.o (memcpy)
c:/emblocks/2.30/share/em_armgcc/bin/../lib/gcc/arm-none-eabi/4.7.3/../../../../arm-none-eabi/lib/armv7e-m/fpu\libc.a(lib_a-memset.o)
[...]
Memory Configuration

Name             Origin             Length             Attributes
ROM              0x08000000         0x00100000         xr
RAM              0x20000000         0x00020000         xrw
CCRAM            0x10000000         0x00010000         xrw
*default*        0x00000000         0xffffffff

Linker script and memory map

LOAD c:/emblocks/2.30/share/em_armgcc/bin/../lib/gcc/arm-none-eabi/4.7.3/../../../../arm-none-eabi/lib/armv7e-m/fpu\librdimon.a
LOAD c:/emblocks/2.30/share/em_armgcc/bin/../lib/gcc/arm-none-eabi/4.7.3/armv7e-m/fpu/crti.o
LOAD c:/emblocks/2.30/share/em_armgcc/bin/../lib/gcc/arm-none-eabi/4.7.3/armv7e-m/fpu/crtbegin.o
LOAD c:/emblocks/2.30/share/em_armgcc/bin/../lib/gcc/arm-none-eabi/4.7.3/../../../../arm-none-eabi/lib/armv7e-m/fpu/rdimon-crt0.o
                0x00000000                __HEAP_SIZE = 0x0
                0x00000100                __STACK_SIZE = 0x100

.text           0x08000000     0x4844
 *(.isr_vector)
 .isr_vector    0x08000000      0x188 .\_out_\debug\src\startup_stm32f4xx.o
                0x08000000                __isr_vector
 *(.text*)
 .text          0x08000188       0x54 c:/emblocks/2.30/share/em_armgcc/bin/../lib/gcc/arm-none-eabi/4.7.3/armv7e-m/fpu/crtbegin.o
 .text          0x080001dc       0xdc c:/emblocks/2.30/share/em_armgcc/bin/../lib/gcc/arm-none-eabi/4.7.3/../../../../arm-none-eabi/lib/armv7e-m/fpu/rdimon-crt0.o
                0x080001dc                _start
                0x080001dc                _mainCRTStartup
 .text.c_putc   0x080002b8       0x1c .\_out_\debug\~#\libc\c_putc.o
                0x080002b8                c_putc
 .text.c_puts   0x080002d4       0x2c .\_out_\debug\~#\libc\c_puts.o
                0x080002d4                c_puts
 .text.cvt      0x08000300      0x328 .\_out_\debug\~#\libc\stdio\c_fcvt.o
 .text.ecvtbuf  0x08000628       0x34 .\_out_\debug\~#\libc\stdio\c_fcvt.o
                0x08000628                ecvtbuf
 .text.fcvtbuf  0x0800065c       0x34 .\_out_\debug\~#\libc\stdio\c_fcvt.o
                0x0800065c                fcvtbuf
 .text.cfltcvt  0x08000690      0x56c .\_out_\debug\~#\libc\stdio\c_output.o
 .text.forcdecpt
                0x08000bfc       0x98 .\_out_\debug\~#\libc\stdio\c_output.o
 .text.cropzeros
                0x08000c94       0xc0 .\_out_\debug\~#\libc\stdio\c_output.o
 .text.c_output
                0x08000d54      0xf34 .\_out_\debug\~#\libc\stdio\c_output.o
                0x08000d54                c_output
 .text.c_printf
                0x08001c88       0x58 .\_out_\debug\~#\libc\stdio\c_printf.o
                0x08001c88                c_printf
 .text.TEST_LibC_Custom
                0x08001ce0       0xa0 .\_out_\debug\~#\libc\test_libc_custom.o
                0x08001ce0                TEST_LibC_Custom
 .text.main     0x08001d80        0xc .\_out_\debug\src\main.o
                0x08001d80                main
 .text          0x08001d8c      0x108 .\_out_\debug\src\startup_stm32f4xx.o
                0x08001d8c                Reset_Handler
                0x08001dd2                NMI_Handler
                0x08001dd4                HardFault_Handler
                0x08001dd6                MemManage_Handler
                0x08001dd8                BusFault_Handler
                0x08001dda                UsageFault_Handler
                0x08001ddc                SVC_Handler
                0x08001dde                DebugMon_Handler
                0x08001de0                PendSV_Handler
                0x08001de2                SysTick_Handler
                0x08001de4                Default_Handler
                0x08001de6                WWDG_IRQHandler
                0x08001de8                PVD_IRQHandler
                0x08001dea                TAMP_STAMP_IRQHandler
                0x08001dec                RTC_WKUP_IRQHandler
                0x08001dee                FLASH_IRQHandler
                0x08001df0                RCC_IRQHandler
                0x08001df2                EXTI0_IRQHandler
                0x08001df4                EXTI1_IRQHandler
                0x08001df6                EXTI2_IRQHandler
                0x08001df8                EXTI3_IRQHandler
                0x08001dfa                EXTI4_IRQHandler
                0x08001dfc                DMA1_Stream0_IRQHandler
                0x08001dfe                DMA1_Stream1_IRQHandler
                0x08001e00                DMA1_Stream2_IRQHandler
                0x08001e02                DMA1_Stream3_IRQHandler
                0x08001e04                DMA1_Stream4_IRQHandler
                0x08001e06                DMA1_Stream5_IRQHandler
                0x08001e08                DMA1_Stream6_IRQHandler
                0x08001e0a                ADC_IRQHandler
                0x08001e0c                CAN1_TX_IRQHandler
                0x08001e0e                CAN1_RX0_IRQHandler
                0x08001e10                CAN1_RX1_IRQHandler
                0x08001e12                CAN1_SCE_IRQHandler
                0x08001e14                EXTI9_5_IRQHandler
                0x08001e16                TIM1_BRK_TIM9_IRQHandler
                0x08001e18                TIM1_UP_TIM10_IRQHandler
                0x08001e1a                TIM1_TRG_COM_TIM11_IRQHandler
                0x08001e1c                TIM1_CC_IRQHandler
                0x08001e1e                TIM2_IRQHandler
                0x08001e20                TIM3_IRQHandler
                0x08001e22                TIM4_IRQHandler
                0x08001e24                I2C1_EV_IRQHandler
                0x08001e26                I2C1_ER_IRQHandler
                0x08001e28                I2C2_EV_IRQHandler
                0x08001e2a                I2C2_ER_IRQHandler
                0x08001e2c                SPI1_IRQHandler
                0x08001e2e                SPI2_IRQHandler
                0x08001e30                USART1_IRQHandler
                0x08001e32                USART2_IRQHandler
                0x08001e34                USART3_IRQHandler
                0x08001e36                EXTI15_10_IRQHandler
                0x08001e38                RTC_Alarm_IRQHandler
                0x08001e3a                OTG_FS_WKUP_IRQHandler
                0x08001e3c                TIM8_BRK_TIM12_IRQHandler
                0x08001e3e                TIM8_UP_TIM13_IRQHandler
                0x08001e40                TIM8_TRG_COM_TIM14_IRQHandler
                0x08001e42                TIM8_CC_IRQHandler
                0x08001e44                DMA1_Stream7_IRQHandler
                0x08001e46                FSMC_IRQHandler
                0x08001e48                SDIO_IRQHandler
                0x08001e4a                TIM5_IRQHandler
                0x08001e4c                SPI3_IRQHandler
                0x08001e4e                UART4_IRQHandler
                0x08001e50                UART5_IRQHandler
                0x08001e52                TIM6_DAC_IRQHandler
                0x08001e54                TIM7_IRQHandler
                0x08001e56                DMA2_Stream0_IRQHandler
                0x08001e58                DMA2_Stream1_IRQHandler
                0x08001e5a                DMA2_Stream2_IRQHandler
                0x08001e5c                DMA2_Stream3_IRQHandler
                0x08001e5e                DMA2_Stream4_IRQHandler
                0x08001e60                ETH_IRQHandler
                0x08001e62                ETH_WKUP_IRQHandler
                0x08001e64                CAN2_TX_IRQHandler
                0x08001e66                CAN2_RX0_IRQHandler
                0x08001e68                CAN2_RX1_IRQHandler
                0x08001e6a                CAN2_SCE_IRQHandler
                0x08001e6c                OTG_FS_IRQHandler
                0x08001e6e                DMA2_Stream5_IRQHandler
                0x08001e70                DMA2_Stream6_IRQHandler
                0x08001e72                DMA2_Stream7_IRQHandler
                0x08001e74                USART6_IRQHandler
                0x08001e76                I2C3_EV_IRQHandler
                0x08001e78                I2C3_ER_IRQHandler
                0x08001e7a                OTG_HS_EP1_OUT_IRQHandler
                0x08001e7c                OTG_HS_EP1_IN_IRQHandler
                0x08001e7e                OTG_HS_WKUP_IRQHandler
                0x08001e80                OTG_HS_IRQHandler
                0x08001e82                DCMI_IRQHandler
                0x08001e84                CRYP_IRQHandler
                0x08001e86                HASH_RNG_IRQHandler
                0x08001e88                FPU_IRQHandler
 .text.SystemInit
                0x08001e94       0xb0 .\_out_\debug\src\system_stm32f4xx.o
                0x08001e94                SystemInit
 .text.SetSysClock
                0x08001f44      0x188 .\_out_\debug\src\system_stm32f4xx.o
 .text.findslot
                0x080020cc       0x34 c:/emblocks/2.30/share/em_armgcc/bin/../lib/gcc/arm-none-eabi/4.7.3/../../../../arm-none-eabi/lib/armv7e-m/fpu\librdimon.a(rdimon-syscalls.o)
 .text.error    0x08002100       0x1c c:/emblocks/2.30/share/em_armgcc/bin/../lib/gcc/arm-none-eabi/4.7.3/../../../../arm-none-eabi/lib/armv7e-m/fpu\librdimon.a(rdimon-syscalls.o)
 .text.checkerror
                0x0800211c        0xa c:/emblocks/2.30/share/em_armgcc/bin/../lib/gcc/arm-none-eabi/4.7.3/../../../../arm-none-eabi/lib/armv7e-m/fpu\librdimon.a(rdimon-syscalls.o)
 *fill*         0x08002126        0x2 
 .text.initialise_monitor_handles
                0x08002128       0xa4 c:/emblocks/2.30/share/em_armgcc/bin/../lib/gcc/arm-none-eabi/4.7.3/../../../../arm-none-eabi/lib/armv7e-m/fpu\librdimon.a(rdimon-syscalls.o)
                0x08002128                initialise_monitor_handles
 .text._swiread
                0x080021cc       0x20 c:/emblocks/2.30/share/em_armgcc/bin/../lib/gcc/arm-none-eabi/4.7.3/../../../../arm-none-eabi/lib/armv7e-m/fpu\librdimon.a(rdimon-syscalls.o)
                0x080021cc                _swiread
 .text._read    0x080021ec       0x34 c:/emblocks/2.30/share/em_armgcc/bin/../lib/gcc/arm-none-eabi/4.7.3/../../../../arm-none-eabi/lib/armv7e-m/fpu\librdimon.a(rdimon-syscalls.o)
                0x080021ec                _read
 .text._swilseek
                0x08002220       0x7c c:/emblocks/2.30/share/em_armgcc/bin/../lib/gcc/arm-none-eabi/4.7.3/../../../../arm-none-eabi/lib/armv7e-m/fpu\librdimon.a(rdimon-syscalls.o)
                0x08002220                _swilseek
 .text._lseek   0x0800229c        0x4 c:/emblocks/2.30/share/em_armgcc/bin/../lib/gcc/arm-none-eabi/4.7.3/../../../../arm-none-eabi/lib/armv7e-m/fpu\librdimon.a(rdimon-syscalls.o)
                0x0800229c                _lseek
 .text._swiwrite
                0x080022a0       0x20 c:/emblocks/2.30/share/em_armgcc/bin/../lib/gcc/arm-none-eabi/4.7.3/../../../../arm-none-eabi/lib/armv7e-m/fpu\librdimon.a(rdimon-syscalls.o)
                0x080022a0                _swiwrite
 .text._write   0x080022c0       0x42 c:/emblocks/2.30/share/em_armgcc/bin/../lib/gcc/arm-none-eabi/4.7.3/../../../../arm-none-eabi/lib/armv7e-m/fpu\librdimon.a(rdimon-syscalls.o)
                0x080022c0                _write
 .text._swiclose
                0x08002302       0x1a c:/emblocks/2.30/share/em_armgcc/bin/../lib/gcc/arm-none-eabi/4.7.3/../../../../arm-none-eabi/lib/armv7e-m/fpu\librdimon.a(rdimon-syscalls.o)
                0x08002302                _swiclose
 .text._close   0x0800231c       0x48 c:/emblocks/2.30/share/em_armgcc/bin/../lib/gcc/arm-none-eabi/4.7.3/../../../../arm-none-eabi/lib/armv7e-m/fpu\librdimon.a(rdimon-syscalls.o)
                0x0800231c                _close
 .text._sbrk    0x08002364       0x34 c:/emblocks/2.30/share/em_armgcc/bin/../lib/gcc/arm-none-eabi/4.7.3/../../../../arm-none-eabi/lib/armv7e-m/fpu\librdimon.a(rdimon-syscalls.o)
                0x08002364                _sbrk
 .text._swistat
                0x08002398       0x42 c:/emblocks/2.30/share/em_armgcc/bin/../lib/gcc/arm-none-eabi/4.7.3/../../../../arm-none-eabi/lib/armv7e-m/fpu\librdimon.a(rdimon-syscalls.o)
                0x08002398                _swistat
 .text._fstat   0x080023da       0x1c c:/emblocks/2.30/share/em_armgcc/bin/../lib/gcc/arm-none-eabi/4.7.3/../../../../arm-none-eabi/lib/armv7e-m/fpu\librdimon.a(rdimon-syscalls.o)
                0x080023da                _fstat
 .text._isatty  0x080023f6       0x38 c:/emblocks/2.30/share/em_armgcc/bin/../lib/gcc/arm-none-eabi/4.7.3/../../../../arm-none-eabi/lib/armv7e-m/fpu\librdimon.a(rdimon-syscalls.o)
                0x080023f6                _isatty
 *fill*         0x0800242e        0x2 
 .text          0x08002430      0x370 c:/emblocks/2.30/share/em_armgcc/bin/../lib/gcc/arm-none-eabi/4.7.3/armv7e-m/fpu\libgcc.a(_arm_addsubdf3.o)
                0x08002430                __aeabi_drsub
                0x08002438                __aeabi_dsub
                0x08002438                __subdf3
                0x0800243c                __aeabi_dadd
                0x0800243c                __adddf3
                0x080026b4                __floatunsidf
                0x080026b4                __aeabi_ui2d
                0x080026d4                __floatsidf
                0x080026d4                __aeabi_i2d
                0x080026f8                __aeabi_f2d
                0x080026f8                __extendsfdf2
                0x08002734                __floatundidf
                0x08002734                __aeabi_ul2d
                0x08002744                __floatdidf
                0x08002744                __aeabi_l2d
 .text          0x080027a0      0x424 c:/emblocks/2.30/share/em_armgcc/bin/../lib/gcc/arm-none-eabi/4.7.3/armv7e-m/fpu\libgcc.a(_arm_muldivdf3.o)
                0x080027a0                __aeabi_dmul
                0x080027a0                __muldf3
                0x080029f4                __divdf3
                0x080029f4                __aeabi_ddiv
 .text          0x08002bc4      0x110 c:/emblocks/2.30/share/em_armgcc/bin/../lib/gcc/arm-none-eabi/4.7.3/armv7e-m/fpu\libgcc.a(_arm_cmpdf2.o)
                0x08002bc4                __gtdf2
                0x08002bc4                __gedf2
                0x08002bcc                __ltdf2
                0x08002bcc                __ledf2
                0x08002bd4                __nedf2
                0x08002bd4                __eqdf2
                0x08002bd4                __cmpdf2
                0x08002c50                __aeabi_cdrcmple
                0x08002c60                __aeabi_cdcmpeq
                0x08002c60                __aeabi_cdcmple
                0x08002c70                __aeabi_dcmpeq
                0x08002c84                __aeabi_dcmplt
                0x08002c98                __aeabi_dcmple
                0x08002cac                __aeabi_dcmpge
                0x08002cc0                __aeabi_dcmpgt
 .text          0x08002cd4       0x50 c:/emblocks/2.30/share/em_armgcc/bin/../lib/gcc/arm-none-eabi/4.7.3/armv7e-m/fpu\libgcc.a(_arm_fixdfsi.o)
                0x08002cd4                __aeabi_d2iz
                0x08002cd4                __fixdfsi
 .text          0x08002d24       0x2c c:/emblocks/2.30/share/em_armgcc/bin/../lib/gcc/arm-none-eabi/4.7.3/armv7e-m/fpu\libgcc.a(_aeabi_uldivmod.o)
                0x08002d24                __aeabi_uldivmod
 .text          0x08002d50       0x58 c:/emblocks/2.30/share/em_armgcc/bin/../lib/gcc/arm-none-eabi/4.7.3/armv7e-m/fpu\libgcc.a(bpabi.o)
                0x08002d50                __gnu_ldivmod_helper
                0x08002d7c                __gnu_uldivmod_helper
 .text          0x08002da8        0x4 c:/emblocks/2.30/share/em_armgcc/bin/../lib/gcc/arm-none-eabi/4.7.3/armv7e-m/fpu\libgcc.a(_dvmd_tls.o)
                0x08002da8                __aeabi_idiv0
                0x08002da8                __aeabi_ldiv0
 .text          0x08002dac      0x2c8 c:/emblocks/2.30/share/em_armgcc/bin/../lib/gcc/arm-none-eabi/4.7.3/armv7e-m/fpu\libgcc.a(_divdi3.o)
                0x08002dac                __divdi3
 .text          0x08003074      0x28c c:/emblocks/2.30/share/em_armgcc/bin/../lib/gcc/arm-none-eabi/4.7.3/armv7e-m/fpu\libgcc.a(_udivdi3.o)
                0x08003074                __udivdi3
 .text.__errno  0x08003300        0xc c:/emblocks/2.30/share/em_armgcc/bin/../lib/gcc/arm-none-eabi/4.7.3/../../../../arm-none-eabi/lib/armv7e-m/fpu\libc.a(lib_a-errno.o)
                0x08003300                __errno
 .text.exit     0x0800330c       0x20 c:/emblocks/2.30/share/em_armgcc/bin/../lib/gcc/arm-none-eabi/4.7.3/../../../../arm-none-eabi/lib/armv7e-m/fpu\libc.a(lib_a-exit.o)
                0x0800330c                exit
 .text._cleanup_r
                0x0800332c        0xc c:/emblocks/2.30/share/em_armgcc/bin/../lib/gcc/arm-none-eabi/4.7.3/../../../../arm-none-eabi/lib/armv7e-m/fpu\libc.a(lib_a-findfp.o)
                0x0800332c                _cleanup_r
 .text.std.isra.0
                0x08003338       0x50 c:/emblocks/2.30/share/em_armgcc/bin/../lib/gcc/arm-none-eabi/4.7.3/../../../../arm-none-eabi/lib/armv7e-m/fpu\libc.a(lib_a-findfp.o)
 .text.__sinit  0x08003388       0x48 c:/emblocks/2.30/share/em_armgcc/bin/../lib/gcc/arm-none-eabi/4.7.3/../../../../arm-none-eabi/lib/armv7e-m/fpu\libc.a(lib_a-findfp.o)
                0x08003388                __sinit
 .text.__sfp_lock_acquire
                0x080033d0        0x4 c:/emblocks/2.30/share/em_armgcc/bin/../lib/gcc/arm-none-eabi/4.7.3/../../../../arm-none-eabi/lib/armv7e-m/fpu\libc.a(lib_a-findfp.o)
                0x080033d0                __sfp_lock_acquire
 .text.__sfp_lock_release
                0x080033d4        0x4 c:/emblocks/2.30/share/em_armgcc/bin/../lib/gcc/arm-none-eabi/4.7.3/../../../../arm-none-eabi/lib/armv7e-m/fpu\libc.a(lib_a-findfp.o)
                0x080033d4                __sfp_lock_release
 .text._fwalk   0x080033d8       0x48 c:/emblocks/2.30/share/em_armgcc/bin/../lib/gcc/arm-none-eabi/4.7.3/../../../../arm-none-eabi/lib/armv7e-m/fpu\libc.a(lib_a-fwalk.o)
                0x080033d8                _fwalk
 .text.__libc_init_array
                0x08003420       0x50 c:/emblocks/2.30/share/em_armgcc/bin/../lib/gcc/arm-none-eabi/4.7.3/../../../../arm-none-eabi/lib/armv7e-m/fpu\libc.a(lib_a-init.o)
                0x08003420                __libc_init_array
 .text._malloc_r
                0x08003470      0x564 c:/emblocks/2.30/share/em_armgcc/bin/../lib/gcc/arm-none-eabi/4.7.3/../../../../arm-none-eabi/lib/armv7e-m/fpu\libc.a(lib_a-mallocr.o)
                0x08003470                _malloc_r
 .text          0x080039d4      0x134 c:/emblocks/2.30/share/em_armgcc/bin/../lib/gcc/arm-none-eabi/4.7.3/../../../../arm-none-eabi/lib/armv7e-m/fpu\libc.a(lib_a-memcpy.o)
                0x080039d4                memcpy
 .text.memset   0x08003b08       0x94 c:/emblocks/2.30/share/em_armgcc/bin/../lib/gcc/arm-none-eabi/4.7.3/../../../../arm-none-eabi/lib/armv7e-m/fpu\libc.a(lib_a-memset.o)
                0x08003b08                memset
 .text.__malloc_lock
                0x08003b9c        0x4 c:/emblocks/2.30/share/em_armgcc/bin/../lib/gcc/arm-none-eabi/4.7.3/../../../../arm-none-eabi/lib/armv7e-m/fpu\libc.a(lib_a-mlock.o)
                0x08003b9c                __malloc_lock
 .text.__malloc_unlock
                0x08003ba0        0x4 c:/emblocks/2.30/share/em_armgcc/bin/../lib/gcc/arm-none-eabi/4.7.3/../../../../arm-none-eabi/lib/armv7e-m/fpu\libc.a(lib_a-mlock.o)
                0x08003ba0                __malloc_unlock
 .text.putchar  0x08003ba4       0x14 c:/emblocks/2.30/share/em_armgcc/bin/../lib/gcc/arm-none-eabi/4.7.3/../../../../arm-none-eabi/lib/armv7e-m/fpu\libc.a(lib_a-putchar.o)
                0x08003ba4                putchar
 .text.__fpclassifyd
                0x08003bb8       0x54 c:/emblocks/2.30/share/em_armgcc/bin/../lib/gcc/arm-none-eabi/4.7.3/../../../../arm-none-eabi/lib/armv7e-m/fpu\libc.a(lib_a-s_fpclassify.o)
                0x08003bb8                __fpclassifyd
 .text.modf     0x08003c0c       0xc4 c:/emblocks/2.30/share/em_armgcc/bin/../lib/gcc/arm-none-eabi/4.7.3/../../../../arm-none-eabi/lib/armv7e-m/fpu\libc.a(lib_a-s_modf.o)
                0x08003c0c                modf
 .text._sbrk_r  0x08003cd0       0x24 c:/emblocks/2.30/share/em_armgcc/bin/../lib/gcc/arm-none-eabi/4.7.3/../../../../arm-none-eabi/lib/armv7e-m/fpu\libc.a(lib_a-sbrkr.o)
                0x08003cd0                _sbrk_r
 .text.__sread  0x08003cf4       0x24 c:/emblocks/2.30/share/em_armgcc/bin/../lib/gcc/arm-none-eabi/4.7.3/../../../../arm-none-eabi/lib/armv7e-m/fpu\libc.a(lib_a-stdio.o)
                0x08003cf4                __sread
 .text.__swrite
                0x08003d18       0x44 c:/emblocks/2.30/share/em_armgcc/bin/../lib/gcc/arm-none-eabi/4.7.3/../../../../arm-none-eabi/lib/armv7e-m/fpu\libc.a(lib_a-stdio.o)
                0x08003d18                __swrite
 .text.__sseek  0x08003d5c       0x20 c:/emblocks/2.30/share/em_armgcc/bin/../lib/gcc/arm-none-eabi/4.7.3/../../../../arm-none-eabi/lib/armv7e-m/fpu\libc.a(lib_a-stdio.o)
                0x08003d5c                __sseek
 .text.__sclose
                0x08003d7c        0x8 c:/emblocks/2.30/share/em_armgcc/bin/../lib/gcc/arm-none-eabi/4.7.3/../../../../arm-none-eabi/lib/armv7e-m/fpu\libc.a(lib_a-stdio.o)
                0x08003d7c                __sclose
 .text.strlen   0x08003d84       0x60 c:/emblocks/2.30/share/em_armgcc/bin/../lib/gcc/arm-none-eabi/4.7.3/../../../../arm-none-eabi/lib/armv7e-m/fpu\libc.a(lib_a-strlen.o)
                0x08003d84                strlen
 .text._write_r
                0x08003de4       0x28 c:/emblocks/2.30/share/em_armgcc/bin/../lib/gcc/arm-none-eabi/4.7.3/../../../../arm-none-eabi/lib/armv7e-m/fpu\libc.a(lib_a-writer.o)
                0x08003de4                _write_r
 .text.startup.register_fini
                0x08003e0c       0x14 c:/emblocks/2.30/share/em_armgcc/bin/../lib/gcc/arm-none-eabi/4.7.3/../../../../arm-none-eabi/lib/armv7e-m/fpu\libc.a(lib_a-__call_atexit.o)
 .text.__call_exitprocs
                0x08003e20       0xd8 c:/emblocks/2.30/share/em_armgcc/bin/../lib/gcc/arm-none-eabi/4.7.3/../../../../arm-none-eabi/lib/armv7e-m/fpu\libc.a(lib_a-__call_atexit.o)
                0x08003e20                __call_exitprocs
 .text.atexit   0x08003ef8        0xc c:/emblocks/2.30/share/em_armgcc/bin/../lib/gcc/arm-none-eabi/4.7.3/../../../../arm-none-eabi/lib/armv7e-m/fpu\libc.a(lib_a-atexit.o)
                0x08003ef8                atexit
 .text._close_r
                0x08003f04       0x24 c:/emblocks/2.30/share/em_armgcc/bin/../lib/gcc/arm-none-eabi/4.7.3/../../../../arm-none-eabi/lib/armv7e-m/fpu\libc.a(lib_a-closer.o)
                0x08003f04                _close_r
 .text._fclose_r
                0x08003f28       0x88 c:/emblocks/2.30/share/em_armgcc/bin/../lib/gcc/arm-none-eabi/4.7.3/../../../../arm-none-eabi/lib/armv7e-m/fpu\libc.a(lib_a-fclose.o)
                0x08003f28                _fclose_r
 .text.fclose   0x08003fb0       0x10 c:/emblocks/2.30/share/em_armgcc/bin/../lib/gcc/arm-none-eabi/4.7.3/../../../../arm-none-eabi/lib/armv7e-m/fpu\libc.a(lib_a-fclose.o)
                0x08003fb0                fclose
 .text.__sflush_r
                0x08003fc0      0x15c c:/emblocks/2.30/share/em_armgcc/bin/../lib/gcc/arm-none-eabi/4.7.3/../../../../arm-none-eabi/lib/armv7e-m/fpu\libc.a(lib_a-fflush.o)
                0x08003fc0                __sflush_r
 .text._fflush_r
                0x0800411c       0x2c c:/emblocks/2.30/share/em_armgcc/bin/../lib/gcc/arm-none-eabi/4.7.3/../../../../arm-none-eabi/lib/armv7e-m/fpu\libc.a(lib_a-fflush.o)
                0x0800411c                _fflush_r
 .text.__libc_fini_array
                0x08004148       0x2c c:/emblocks/2.30/share/em_armgcc/bin/../lib/gcc/arm-none-eabi/4.7.3/../../../../arm-none-eabi/lib/armv7e-m/fpu\libc.a(lib_a-fini.o)
                0x08004148                __libc_fini_array
 .text._malloc_trim_r
                0x08004174       0x98 c:/emblocks/2.30/share/em_armgcc/bin/../lib/gcc/arm-none-eabi/4.7.3/../../../../arm-none-eabi/lib/armv7e-m/fpu\libc.a(lib_a-freer.o)
                0x08004174                _malloc_trim_r
 .text._free_r  0x0800420c      0x190 c:/emblocks/2.30/share/em_armgcc/bin/../lib/gcc/arm-none-eabi/4.7.3/../../../../arm-none-eabi/lib/armv7e-m/fpu\libc.a(lib_a-freer.o)
                0x0800420c                _free_r
 .text._lseek_r
                0x0800439c       0x28 c:/emblocks/2.30/share/em_armgcc/bin/../lib/gcc/arm-none-eabi/4.7.3/../../../../arm-none-eabi/lib/armv7e-m/fpu\libc.a(lib_a-lseekr.o)
                0x0800439c                _lseek_r
 .text._putc_r  0x080043c4       0x60 c:/emblocks/2.30/share/em_armgcc/bin/../lib/gcc/arm-none-eabi/4.7.3/../../../../arm-none-eabi/lib/armv7e-m/fpu\libc.a(lib_a-putc.o)
                0x080043c4                _putc_r
 .text._read_r  0x08004424       0x28 c:/emblocks/2.30/share/em_armgcc/bin/../lib/gcc/arm-none-eabi/4.7.3/../../../../arm-none-eabi/lib/armv7e-m/fpu\libc.a(lib_a-readr.o)
                0x08004424                _read_r
 .text.__swbuf_r
                0x0800444c       0xb0 c:/emblocks/2.30/share/em_armgcc/bin/../lib/gcc/arm-none-eabi/4.7.3/../../../../arm-none-eabi/lib/armv7e-m/fpu\libc.a(lib_a-wbuf.o)
                0x0800444c                __swbuf_r
 .text.__swsetup_r
                0x080044fc       0xe0 c:/emblocks/2.30/share/em_armgcc/bin/../lib/gcc/arm-none-eabi/4.7.3/../../../../arm-none-eabi/lib/armv7e-m/fpu\libc.a(lib_a-wsetup.o)
                0x080044fc                __swsetup_r
 .text.__register_exitproc
                0x080045dc       0xb0 c:/emblocks/2.30/share/em_armgcc/bin/../lib/gcc/arm-none-eabi/4.7.3/../../../../arm-none-eabi/lib/armv7e-m/fpu\libc.a(lib_a-__atexit.o)
                0x080045dc                __register_exitproc
 .text.__smakebuf_r
                0x0800468c       0xe8 c:/emblocks/2.30/share/em_armgcc/bin/../lib/gcc/arm-none-eabi/4.7.3/../../../../arm-none-eabi/lib/armv7e-m/fpu\libc.a(lib_a-makebuf.o)
                0x0800468c                __smakebuf_r
 .text._fstat_r
                0x08004774       0x28 c:/emblocks/2.30/share/em_armgcc/bin/../lib/gcc/arm-none-eabi/4.7.3/../../../../arm-none-eabi/lib/armv7e-m/fpu\libc.a(lib_a-fstatr.o)
                0x08004774                _fstat_r
 .text._isatty_r
                0x0800479c       0x24 c:/emblocks/2.30/share/em_armgcc/bin/../lib/gcc/arm-none-eabi/4.7.3/../../../../arm-none-eabi/lib/armv7e-m/fpu\libc.a(lib_a-isattyr.o)
                0x0800479c                _isatty_r
 .text._exit    0x080047c0        0x4 c:/emblocks/2.30/share/em_armgcc/bin/../lib/gcc/arm-none-eabi/4.7.3/../../../../arm-none-eabi/lib/armv7e-m/fpu\libnosys.a(_exit.o)
                0x080047c0                _exit
 *(.init)
 .init          0x080047c4        0x4 c:/emblocks/2.30/share/em_armgcc/bin/../lib/gcc/arm-none-eabi/4.7.3/armv7e-m/fpu/crti.o
                0x080047c4                _init
 .init          0x080047c8        0x8 c:/emblocks/2.30/share/em_armgcc/bin/../lib/gcc/arm-none-eabi/4.7.3/armv7e-m/fpu/crtn.o
 *(.fini)
 .fini          0x080047d0        0x4 c:/emblocks/2.30/share/em_armgcc/bin/../lib/gcc/arm-none-eabi/4.7.3/armv7e-m/fpu/crti.o
                0x080047d0                _fini
 .fini          0x080047d4        0x8 c:/emblocks/2.30/share/em_armgcc/bin/../lib/gcc/arm-none-eabi/4.7.3/armv7e-m/fpu/crtn.o
 *crtbegin.o(.ctors)
 *crtbegin?.o(.ctors)
 *(EXCLUDE_FILE(*crtend.o *crtend?.o) .ctors)
 *(SORT(.ctors.*))
 *(.ctors)
 *crtbegin.o(.dtors)
 *crtbegin?.o(.dtors)
 *(EXCLUDE_FILE(*crtend.o *crtend?.o) .dtors)
 *(SORT(.dtors.*))
 *(.dtors)
 *(.rodata*)
 .rodata        0x080047dc       0x28 .\_out_\debug\~#\libc\stdio\c_output.o
 .rodata        0x08004804       0x30 .\_out_\debug\~#\libc\test_libc_custom.o
 .rodata.str1.1
                0x08004834        0x4 c:/emblocks/2.30/share/em_armgcc/bin/../lib/gcc/arm-none-eabi/4.7.3/../../../../arm-none-eabi/lib/armv7e-m/fpu\librdimon.a(rdimon-syscalls.o)
 .rodata.str1.4
                0x08004838        0x4 c:/emblocks/2.30/share/em_armgcc/bin/../lib/gcc/arm-none-eabi/4.7.3/../../../../arm-none-eabi/lib/armv7e-m/fpu\libc.a(lib_a-impure.o)
 .rodata._global_impure_ptr
                0x0800483c        0x4 c:/emblocks/2.30/share/em_armgcc/bin/../lib/gcc/arm-none-eabi/4.7.3/../../../../arm-none-eabi/lib/armv7e-m/fpu\libc.a(lib_a-impure.o)
                0x0800483c                _global_impure_ptr
 *(.eh_frame*)
 .eh_frame      0x08004840        0x0 c:/emblocks/2.30/share/em_armgcc/bin/../lib/gcc/arm-none-eabi/4.7.3/armv7e-m/fpu/crtbegin.o
 .eh_frame      0x08004840        0x4 c:/emblocks/2.30/share/em_armgcc/bin/../lib/gcc/arm-none-eabi/4.7.3/armv7e-m/fpu/crtend.o

.glue_7         0x08004844        0x0
 .glue_7        0x00000000        0x0 linker stubs

.glue_7t        0x08004844        0x0
 .glue_7t       0x00000000        0x0 linker stubs

.vfp11_veneer   0x08004844        0x0
 .vfp11_veneer  0x00000000        0x0 linker stubs

.v4_bx          0x08004844        0x0
 .v4_bx         0x00000000        0x0 linker stubs

.iplt           0x08004844        0x0
 .iplt          0x00000000        0x0 c:/emblocks/2.30/share/em_armgcc/bin/../lib/gcc/arm-none-eabi/4.7.3/armv7e-m/fpu/crtbegin.o

.ARM.extab
 *(.ARM.extab* .gnu.linkonce.armextab.*)
                0x08004844                __exidx_start = .

.ARM.exidx      0x08004844        0x8
 *(.ARM.exidx* .gnu.linkonce.armexidx.*)
 .ARM.exidx     0x08004844        0x8 c:/emblocks/2.30/share/em_armgcc/bin/../lib/gcc/arm-none-eabi/4.7.3/../../../../arm-none-eabi/lib/armv7e-m/fpu/rdimon-crt0.o
                0x0800484c                __exidx_end = .
                0x0800484c                __etext = .

.rel.dyn        0x0800484c        0x0
 .rel.iplt      0x00000000        0x0 c:/emblocks/2.30/share/em_armgcc/bin/../lib/gcc/arm-none-eabi/4.7.3/armv7e-m/fpu/crtbegin.o

.data           0x20000000      0x958 load address 0x0800484c
                0x20000000                __data_start__ = .
 *(vtable)
 *(.data*)
 .data          0x20000000      0x110 c:/emblocks/2.30/share/em_armgcc/bin/../lib/gcc/arm-none-eabi/4.7.3/../../../../arm-none-eabi/lib/armv7e-m/fpu/rdimon-crt0.o
                0x20000008                __stack_base__
 .data.impure_data
                0x20000110      0x428 c:/emblocks/2.30/share/em_armgcc/bin/../lib/gcc/arm-none-eabi/4.7.3/../../../../arm-none-eabi/lib/armv7e-m/fpu\libc.a(lib_a-impure.o)
 .data._impure_ptr
                0x20000538        0x4 c:/emblocks/2.30/share/em_armgcc/bin/../lib/gcc/arm-none-eabi/4.7.3/../../../../arm-none-eabi/lib/armv7e-m/fpu\libc.a(lib_a-impure.o)
                0x20000538                _impure_ptr
 .data.__malloc_av_
                0x2000053c      0x408 c:/emblocks/2.30/share/em_armgcc/bin/../lib/gcc/arm-none-eabi/4.7.3/../../../../arm-none-eabi/lib/armv7e-m/fpu\libc.a(lib_a-mallocr.o)
                0x2000053c                __malloc_av_
 .data.__malloc_trim_threshold
                0x20000944        0x4 c:/emblocks/2.30/share/em_armgcc/bin/../lib/gcc/arm-none-eabi/4.7.3/../../../../arm-none-eabi/lib/armv7e-m/fpu\libc.a(lib_a-mallocr.o)
                0x20000944                __malloc_trim_threshold
 .data.__malloc_sbrk_base
                0x20000948        0x4 c:/emblocks/2.30/share/em_armgcc/bin/../lib/gcc/arm-none-eabi/4.7.3/../../../../arm-none-eabi/lib/armv7e-m/fpu\libc.a(lib_a-mallocr.o)
                0x20000948                __malloc_sbrk_base
                0x2000094c                . = ALIGN (0x4)
                0x2000094c                PROVIDE (__preinit_array_start, .)
 *(.preinit_array)
                0x2000094c                PROVIDE (__preinit_array_end, .)
                0x2000094c                . = ALIGN (0x4)
                0x2000094c                PROVIDE (__init_array_start, .)
 *(SORT(.init_array.*))
 .init_array.00000
                0x2000094c        0x4 c:/emblocks/2.30/share/em_armgcc/bin/../lib/gcc/arm-none-eabi/4.7.3/../../../../arm-none-eabi/lib/armv7e-m/fpu\libc.a(lib_a-__call_atexit.o)
 *(.init_array)
 .init_array    0x20000950        0x4 c:/emblocks/2.30/share/em_armgcc/bin/../lib/gcc/arm-none-eabi/4.7.3/armv7e-m/fpu/crtbegin.o
                0x20000954                PROVIDE (__init_array_end, .)
                0x20000954                . = ALIGN (0x4)
                0x20000954                PROVIDE (__fini_array_start, .)
 *(SORT(.fini_array.*))
 *(.fini_array)
 .fini_array    0x20000954        0x4 c:/emblocks/2.30/share/em_armgcc/bin/../lib/gcc/arm-none-eabi/4.7.3/armv7e-m/fpu/crtbegin.o
                0x20000958                PROVIDE (__fini_array_end, .)
                0x20000958                . = ALIGN (0x4)
                0x20000958                __data_end__ = .

.jcr            0x20000958        0x0 load address 0x080051a4
 .jcr           0x20000958        0x0 c:/emblocks/2.30/share/em_armgcc/bin/../lib/gcc/arm-none-eabi/4.7.3/armv7e-m/fpu/crtbegin.o

.igot.plt       0x20000958        0x0 load address 0x080051a4
 .igot.plt      0x00000000        0x0 c:/emblocks/2.30/share/em_armgcc/bin/../lib/gcc/arm-none-eabi/4.7.3/armv7e-m/fpu/crtbegin.o

.bss            0x20000958      0x104 load address 0x080051a4
                0x20000958                __bss_start__ = .
 *(.bss*)
 .bss           0x20000958       0x1c c:/emblocks/2.30/share/em_armgcc/bin/../lib/gcc/arm-none-eabi/4.7.3/armv7e-m/fpu/crtbegin.o
 .bss.monitor_stdout
                0x20000974        0x4 c:/emblocks/2.30/share/em_armgcc/bin/../lib/gcc/arm-none-eabi/4.7.3/../../../../arm-none-eabi/lib/armv7e-m/fpu\librdimon.a(rdimon-syscalls.o)
 .bss.monitor_stdin
                0x20000978        0x4 c:/emblocks/2.30/share/em_armgcc/bin/../lib/gcc/arm-none-eabi/4.7.3/../../../../arm-none-eabi/lib/armv7e-m/fpu\librdimon.a(rdimon-syscalls.o)
 .bss.monitor_stderr
                0x2000097c        0x4 c:/emblocks/2.30/share/em_armgcc/bin/../lib/gcc/arm-none-eabi/4.7.3/../../../../arm-none-eabi/lib/armv7e-m/fpu\librdimon.a(rdimon-syscalls.o)
 .bss.heap_end.5775
                0x20000980        0x4 c:/emblocks/2.30/share/em_armgcc/bin/../lib/gcc/arm-none-eabi/4.7.3/../../../../arm-none-eabi/lib/armv7e-m/fpu\librdimon.a(rdimon-syscalls.o)
 .bss.openfiles
                0x20000984       0xa0 c:/emblocks/2.30/share/em_armgcc/bin/../lib/gcc/arm-none-eabi/4.7.3/../../../../arm-none-eabi/lib/armv7e-m/fpu\librdimon.a(rdimon-syscalls.o)
 .bss.__malloc_max_total_mem
                0x20000a24        0x4 c:/emblocks/2.30/share/em_armgcc/bin/../lib/gcc/arm-none-eabi/4.7.3/../../../../arm-none-eabi/lib/armv7e-m/fpu\libc.a(lib_a-mallocr.o)
                0x20000a24                __malloc_max_total_mem
 .bss.__malloc_max_sbrked_mem
                0x20000a28        0x4 c:/emblocks/2.30/share/em_armgcc/bin/../lib/gcc/arm-none-eabi/4.7.3/../../../../arm-none-eabi/lib/armv7e-m/fpu\libc.a(lib_a-mallocr.o)
                0x20000a28                __malloc_max_sbrked_mem
 .bss.__malloc_top_pad
                0x20000a2c        0x4 c:/emblocks/2.30/share/em_armgcc/bin/../lib/gcc/arm-none-eabi/4.7.3/../../../../arm-none-eabi/lib/armv7e-m/fpu\libc.a(lib_a-mallocr.o)
                0x20000a2c                __malloc_top_pad
 .bss.__malloc_current_mallinfo
                0x20000a30       0x28 c:/emblocks/2.30/share/em_armgcc/bin/../lib/gcc/arm-none-eabi/4.7.3/../../../../arm-none-eabi/lib/armv7e-m/fpu\libc.a(lib_a-mallocr.o)
                0x20000a30                __malloc_current_mallinfo
 *(COMMON)
 COMMON         0x20000a58        0x4 c:/emblocks/2.30/share/em_armgcc/bin/../lib/gcc/arm-none-eabi/4.7.3/../../../../arm-none-eabi/lib/armv7e-m/fpu\libc.a(lib_a-reent.o)
                0x20000a58                errno
                0x20000a5c                __bss_end__ = .

.heap           0x20000a60        0x0
                0x20000a60                __end__ = .
                0x20000a60                end = __end__
 *(.heap*)
 .heap          0x20000a60        0x0 .\_out_\debug\src\startup_stm32f4xx.o
                0x20000a60                __HeapLimit = .

.stack_dummy    0x20000a60      0x100
 *(.stack)
 .stack         0x20000a60      0x100 .\_out_\debug\src\startup_stm32f4xx.o
                0x20020000                __StackTop = (ORIGIN (RAM) + 0x20000)
                0x2001ff00                __StackLimit = (__StackTop - SIZEOF (.stack_dummy))
                0x20020000                PROVIDE (__stack, __StackTop)
                0x00000001                ASSERT ((__StackLimit >= __HeapLimit), region RAM overflowed with stack)
LOAD .\_out_\debug\~#\libc\c_putc.o
LOAD .\_out_\debug\~#\libc\c_puts.o
LOAD .\_out_\debug\~#\libc\stdio\c_fcvt.o
LOAD .\_out_\debug\~#\libc\stdio\c_output.o
LOAD .\_out_\debug\~#\libc\stdio\c_printf.o
LOAD .\_out_\debug\~#\libc\stdio\c_sprintf.o
LOAD .\_out_\debug\~#\libc\stdio\c_vfprintf.o
LOAD .\_out_\debug\~#\libc\test_libc_custom.o
LOAD .\_out_\debug\spl\src\misc.o
LOAD .\_out_\debug\spl\src\stm32f4xx_adc.o
LOAD .\_out_\debug\spl\src\stm32f4xx_can.o
LOAD .\_out_\debug\spl\src\stm32f4xx_crc.o
LOAD .\_out_\debug\spl\src\stm32f4xx_cryp.o
LOAD .\_out_\debug\spl\src\stm32f4xx_cryp_aes.o
LOAD .\_out_\debug\spl\src\stm32f4xx_cryp_des.o
LOAD .\_out_\debug\spl\src\stm32f4xx_cryp_tdes.o
LOAD .\_out_\debug\spl\src\stm32f4xx_dac.o
LOAD .\_out_\debug\spl\src\stm32f4xx_dbgmcu.o
LOAD .\_out_\debug\spl\src\stm32f4xx_dcmi.o
LOAD .\_out_\debug\spl\src\stm32f4xx_dma.o
LOAD .\_out_\debug\spl\src\stm32f4xx_exti.o
LOAD .\_out_\debug\spl\src\stm32f4xx_flash.o
LOAD .\_out_\debug\spl\src\stm32f4xx_fsmc.o
LOAD .\_out_\debug\spl\src\stm32f4xx_gpio.o
LOAD .\_out_\debug\spl\src\stm32f4xx_hash.o
LOAD .\_out_\debug\spl\src\stm32f4xx_hash_md5.o
LOAD .\_out_\debug\spl\src\stm32f4xx_hash_sha1.o
LOAD .\_out_\debug\spl\src\stm32f4xx_i2c.o
LOAD .\_out_\debug\spl\src\stm32f4xx_iwdg.o
LOAD .\_out_\debug\spl\src\stm32f4xx_pwr.o
LOAD .\_out_\debug\spl\src\stm32f4xx_rcc.o
LOAD .\_out_\debug\spl\src\stm32f4xx_rng.o
LOAD .\_out_\debug\spl\src\stm32f4xx_rtc.o
LOAD .\_out_\debug\spl\src\stm32f4xx_sdio.o
LOAD .\_out_\debug\spl\src\stm32f4xx_spi.o
LOAD .\_out_\debug\spl\src\stm32f4xx_syscfg.o
LOAD .\_out_\debug\spl\src\stm32f4xx_tim.o
LOAD .\_out_\debug\spl\src\stm32f4xx_usart.o
LOAD .\_out_\debug\spl\src\stm32f4xx_wwdg.o
LOAD .\_out_\debug\semihosting\semihosting.o
LOAD .\_out_\debug\semihosting\sh_cmd.o
LOAD .\_out_\debug\src\main.o
LOAD .\_out_\debug\src\startup_stm32f4xx.o
LOAD .\_out_\debug\src\system_stm32f4xx.o
LOAD c:/emblocks/2.30/share/em_armgcc/bin/../lib/gcc/arm-none-eabi/4.7.3/../../../../arm-none-eabi/lib/armv7e-m/fpu\librdimon.a
START GROUP
LOAD c:/emblocks/2.30/share/em_armgcc/bin/../lib/gcc/arm-none-eabi/4.7.3/armv7e-m/fpu\libgcc.a
LOAD c:/emblocks/2.30/share/em_armgcc/bin/../lib/gcc/arm-none-eabi/4.7.3/../../../../arm-none-eabi/lib/armv7e-m/fpu\libc.a
LOAD c:/emblocks/2.30/share/em_armgcc/bin/../lib/gcc/arm-none-eabi/4.7.3/../../../../arm-none-eabi/lib/armv7e-m/fpu\libg.a
LOAD c:/emblocks/2.30/share/em_armgcc/bin/../lib/gcc/arm-none-eabi/4.7.3/../../../../arm-none-eabi/lib/armv7e-m/fpu\libm.a
LOAD c:/emblocks/2.30/share/em_armgcc/bin/../lib/gcc/arm-none-eabi/4.7.3/../../../../arm-none-eabi/lib/armv7e-m/fpu\libnosys.a
END GROUP
LOAD c:/emblocks/2.30/share/em_armgcc/bin/../lib/gcc/arm-none-eabi/4.7.3/armv7e-m/fpu/crtend.o
LOAD c:/emblocks/2.30/share/em_armgcc/bin/../lib/gcc/arm-none-eabi/4.7.3/armv7e-m/fpu/crtn.o
OUTPUT(.\_HEX_\Debug\LibC_CUSTOM.elf elf32-littlearm)

.ARM.attributes
                0x00000000       0x30
 .ARM.attributes
                0x00000000       0x22 c:/emblocks/2.30/share/em_armgcc/bin/../lib/gcc/arm-none-eabi/4.7.3/armv7e-m/fpu/crti.o
 .ARM.attributes
                0x00000022       0x34 c:/emblocks/2.30/share/em_armgcc/bin/../lib/gcc/arm-none-eabi/4.7.3/armv7e-m/fpu/crtbegin.o
 .ARM.attributes
                0x00000056       0x20 c:/emblocks/2.30/share/em_armgcc/bin/../lib/gcc/arm-none-eabi/4.7.3/../../../../arm-none-eabi/lib/armv7e-m/fpu/rdimon-crt0.o
 .ARM.attributes
                0x00000076       0x39 .\_out_\debug\~#\libc\c_putc.o
 .ARM.attributes
                0x000000af       0x39 .\_out_\debug\~#\libc\c_puts.o
 .ARM.attributes
                0x000000e8       0x39 .\_out_\debug\~#\libc\stdio\c_fcvt.o
 .ARM.attributes
                0x00000121       0x39 .\_out_\debug\~#\libc\stdio\c_output.o
 .ARM.attributes
                0x0000015a       0x39 .\_out_\debug\~#\libc\stdio\c_printf.o
 .ARM.attributes
                0x00000193       0x39 .\_out_\debug\~#\libc\test_libc_custom.o
 .ARM.attributes
                0x000001cc       0x39 .\_out_\debug\src\main.o
 .ARM.attributes
                0x00000205       0x1f .\_out_\debug\src\startup_stm32f4xx.o
 .ARM.attributes
                0x00000224       0x39 .\_out_\debug\src\system_stm32f4xx.o
 .ARM.attributes
                0x0000025d       0x34 c:/emblocks/2.30/share/em_armgcc/bin/../lib/gcc/arm-none-eabi/4.7.3/../../../../arm-none-eabi/lib/armv7e-m/fpu\librdimon.a(rdimon-syscalls.o)
 .ARM.attributes
                0x00000291       0x22 c:/emblocks/2.30/share/em_armgcc/bin/../lib/gcc/arm-none-eabi/4.7.3/armv7e-m/fpu\libgcc.a(_arm_addsubdf3.o)
 .ARM.attributes
                0x000002b3       0x22 c:/emblocks/2.30/share/em_armgcc/bin/../lib/gcc/arm-none-eabi/4.7.3/armv7e-m/fpu\libgcc.a(_arm_muldivdf3.o)
 .ARM.attributes
                0x000002d5       0x22 c:/emblocks/2.30/share/em_armgcc/bin/../lib/gcc/arm-none-eabi/4.7.3/armv7e-m/fpu\libgcc.a(_arm_cmpdf2.o)
 .ARM.attributes
                0x000002f7       0x22 c:/emblocks/2.30/share/em_armgcc/bin/../lib/gcc/arm-none-eabi/4.7.3/armv7e-m/fpu\libgcc.a(_arm_fixdfsi.o)
 .ARM.attributes
                0x00000319       0x22 c:/emblocks/2.30/share/em_armgcc/bin/../lib/gcc/arm-none-eabi/4.7.3/armv7e-m/fpu\libgcc.a(_aeabi_uldivmod.o)
 .ARM.attributes
                0x0000033b       0x34 c:/emblocks/2.30/share/em_armgcc/bin/../lib/gcc/arm-none-eabi/4.7.3/armv7e-m/fpu\libgcc.a(bpabi.o)
 .ARM.attributes
                0x0000036f       0x22 c:/emblocks/2.30/share/em_armgcc/bin/../lib/gcc/arm-none-eabi/4.7.3/armv7e-m/fpu\libgcc.a(_dvmd_tls.o)
 .ARM.attributes
                0x00000391       0x34 c:/emblocks/2.30/share/em_armgcc/bin/../lib/gcc/arm-none-eabi/4.7.3/armv7e-m/fpu\libgcc.a(_divdi3.o)
 .ARM.attributes
                0x000003c5       0x34 c:/emblocks/2.30/share/em_armgcc/bin/../lib/gcc/arm-none-eabi/4.7.3/armv7e-m/fpu\libgcc.a(_udivdi3.o)
 .ARM.attributes
                0x000003f9       0x34 c:/emblocks/2.30/share/em_armgcc/bin/../lib/gcc/arm-none-eabi/4.7.3/../../../../arm-none-eabi/lib/armv7e-m/fpu\libc.a(lib_a-errno.o)
 .ARM.attributes
                0x0000042d       0x34 c:/emblocks/2.30/share/em_armgcc/bin/../lib/gcc/arm-none-eabi/4.7.3/../../../../arm-none-eabi/lib/armv7e-m/fpu\libc.a(lib_a-exit.o)
 .ARM.attributes
                0x00000461       0x34 c:/emblocks/2.30/share/em_armgcc/bin/../lib/gcc/arm-none-eabi/4.7.3/../../../../arm-none-eabi/lib/armv7e-m/fpu\libc.a(lib_a-findfp.o)
 .ARM.attributes
                0x00000495       0x34 c:/emblocks/2.30/share/em_armgcc/bin/../lib/gcc/arm-none-eabi/4.7.3/../../../../arm-none-eabi/lib/armv7e-m/fpu\libc.a(lib_a-fwalk.o)
 .ARM.attributes
                0x000004c9       0x34 c:/emblocks/2.30/share/em_armgcc/bin/../lib/gcc/arm-none-eabi/4.7.3/../../../../arm-none-eabi/lib/armv7e-m/fpu\libc.a(lib_a-impure.o)
 .ARM.attributes
                0x000004fd       0x34 c:/emblocks/2.30/share/em_armgcc/bin/../lib/gcc/arm-none-eabi/4.7.3/../../../../arm-none-eabi/lib/armv7e-m/fpu\libc.a(lib_a-init.o)
 .ARM.attributes
                0x00000531       0x34 c:/emblocks/2.30/share/em_armgcc/bin/../lib/gcc/arm-none-eabi/4.7.3/../../../../arm-none-eabi/lib/armv7e-m/fpu\libc.a(lib_a-mallocr.o)
 .ARM.attributes
                0x00000565       0x20 c:/emblocks/2.30/share/em_armgcc/bin/../lib/gcc/arm-none-eabi/4.7.3/../../../../arm-none-eabi/lib/armv7e-m/fpu\libc.a(lib_a-memcpy.o)
 .ARM.attributes
                0x00000585       0x34 c:/emblocks/2.30/share/em_armgcc/bin/../lib/gcc/arm-none-eabi/4.7.3/../../../../arm-none-eabi/lib/armv7e-m/fpu\libc.a(lib_a-memset.o)
 .ARM.attributes
                0x000005b9       0x34 c:/emblocks/2.30/share/em_armgcc/bin/../lib/gcc/arm-none-eabi/4.7.3/../../../../arm-none-eabi/lib/armv7e-m/fpu\libc.a(lib_a-mlock.o)
 .ARM.attributes
                0x000005ed       0x34 c:/emblocks/2.30/share/em_armgcc/bin/../lib/gcc/arm-none-eabi/4.7.3/../../../../arm-none-eabi/lib/armv7e-m/fpu\libc.a(lib_a-putchar.o)
 .ARM.attributes
                0x00000621       0x34 c:/emblocks/2.30/share/em_armgcc/bin/../lib/gcc/arm-none-eabi/4.7.3/../../../../arm-none-eabi/lib/armv7e-m/fpu\libc.a(lib_a-s_fpclassify.o)
 .ARM.attributes
                0x00000655       0x34 c:/emblocks/2.30/share/em_armgcc/bin/../lib/gcc/arm-none-eabi/4.7.3/../../../../arm-none-eabi/lib/armv7e-m/fpu\libc.a(lib_a-s_modf.o)
 .ARM.attributes
                0x00000689       0x34 c:/emblocks/2.30/share/em_armgcc/bin/../lib/gcc/arm-none-eabi/4.7.3/../../../../arm-none-eabi/lib/armv7e-m/fpu\libc.a(lib_a-sbrkr.o)
 .ARM.attributes
                0x000006bd       0x34 c:/emblocks/2.30/share/em_armgcc/bin/../lib/gcc/arm-none-eabi/4.7.3/../../../../arm-none-eabi/lib/armv7e-m/fpu\libc.a(lib_a-stdio.o)
 .ARM.attributes
                0x000006f1       0x34 c:/emblocks/2.30/share/em_armgcc/bin/../lib/gcc/arm-none-eabi/4.7.3/../../../../arm-none-eabi/lib/armv7e-m/fpu\libc.a(lib_a-strlen.o)
 .ARM.attributes
                0x00000725       0x34 c:/emblocks/2.30/share/em_armgcc/bin/../lib/gcc/arm-none-eabi/4.7.3/../../../../arm-none-eabi/lib/armv7e-m/fpu\libc.a(lib_a-writer.o)
 .ARM.attributes
                0x00000759       0x34 c:/emblocks/2.30/share/em_armgcc/bin/../lib/gcc/arm-none-eabi/4.7.3/../../../../arm-none-eabi/lib/armv7e-m/fpu\libc.a(lib_a-__call_atexit.o)
 .ARM.attributes
                0x0000078d       0x34 c:/emblocks/2.30/share/em_armgcc/bin/../lib/gcc/arm-none-eabi/4.7.3/../../../../arm-none-eabi/lib/armv7e-m/fpu\libc.a(lib_a-atexit.o)
 .ARM.attributes
                0x000007c1       0x34 c:/emblocks/2.30/share/em_armgcc/bin/../lib/gcc/arm-none-eabi/4.7.3/../../../../arm-none-eabi/lib/armv7e-m/fpu\libc.a(lib_a-closer.o)
 .ARM.attributes
                0x000007f5       0x34 c:/emblocks/2.30/share/em_armgcc/bin/../lib/gcc/arm-none-eabi/4.7.3/../../../../arm-none-eabi/lib/armv7e-m/fpu\libc.a(lib_a-fclose.o)
 .ARM.attributes
                0x00000829       0x34 c:/emblocks/2.30/share/em_armgcc/bin/../lib/gcc/arm-none-eabi/4.7.3/../../../../arm-none-eabi/lib/armv7e-m/fpu\libc.a(lib_a-fflush.o)
 .ARM.attributes
                0x0000085d       0x34 c:/emblocks/2.30/share/em_armgcc/bin/../lib/gcc/arm-none-eabi/4.7.3/../../../../arm-none-eabi/lib/armv7e-m/fpu\libc.a(lib_a-fini.o)
 .ARM.attributes
                0x00000891       0x34 c:/emblocks/2.30/share/em_armgcc/bin/../lib/gcc/arm-none-eabi/4.7.3/../../../../arm-none-eabi/lib/armv7e-m/fpu\libc.a(lib_a-freer.o)
 .ARM.attributes
                0x000008c5       0x34 c:/emblocks/2.30/share/em_armgcc/bin/../lib/gcc/arm-none-eabi/4.7.3/../../../../arm-none-eabi/lib/armv7e-m/fpu\libc.a(lib_a-lseekr.o)
 .ARM.attributes
                0x000008f9       0x34 c:/emblocks/2.30/share/em_armgcc/bin/../lib/gcc/arm-none-eabi/4.7.3/../../../../arm-none-eabi/lib/armv7e-m/fpu\libc.a(lib_a-putc.o)
 .ARM.attributes
                0x0000092d       0x34 c:/emblocks/2.30/share/em_armgcc/bin/../lib/gcc/arm-none-eabi/4.7.3/../../../../arm-none-eabi/lib/armv7e-m/fpu\libc.a(lib_a-readr.o)
 .ARM.attributes
                0x00000961       0x34 c:/emblocks/2.30/share/em_armgcc/bin/../lib/gcc/arm-none-eabi/4.7.3/../../../../arm-none-eabi/lib/armv7e-m/fpu\libc.a(lib_a-reent.o)
 .ARM.attributes
                0x00000995       0x34 c:/emblocks/2.30/share/em_armgcc/bin/../lib/gcc/arm-none-eabi/4.7.3/../../../../arm-none-eabi/lib/armv7e-m/fpu\libc.a(lib_a-wbuf.o)
 .ARM.attributes
                0x000009c9       0x34 c:/emblocks/2.30/share/em_armgcc/bin/../lib/gcc/arm-none-eabi/4.7.3/../../../../arm-none-eabi/lib/armv7e-m/fpu\libc.a(lib_a-wsetup.o)
 .ARM.attributes
                0x000009fd       0x34 c:/emblocks/2.30/share/em_armgcc/bin/../lib/gcc/arm-none-eabi/4.7.3/../../../../arm-none-eabi/lib/armv7e-m/fpu\libc.a(lib_a-__atexit.o)
 .ARM.attributes
                0x00000a31       0x34 c:/emblocks/2.30/share/em_armgcc/bin/../lib/gcc/arm-none-eabi/4.7.3/../../../../arm-none-eabi/lib/armv7e-m/fpu\libc.a(lib_a-makebuf.o)
 .ARM.attributes
                0x00000a65       0x34 c:/emblocks/2.30/share/em_armgcc/bin/../lib/gcc/arm-none-eabi/4.7.3/../../../../arm-none-eabi/lib/armv7e-m/fpu\libc.a(lib_a-fstatr.o)
 .ARM.attributes
                0x00000a99       0x34 c:/emblocks/2.30/share/em_armgcc/bin/../lib/gcc/arm-none-eabi/4.7.3/../../../../arm-none-eabi/lib/armv7e-m/fpu\libc.a(lib_a-isattyr.o)
 .ARM.attributes
                0x00000acd       0x34 c:/emblocks/2.30/share/em_armgcc/bin/../lib/gcc/arm-none-eabi/4.7.3/../../../../arm-none-eabi/lib/armv7e-m/fpu\libnosys.a(_exit.o)
 .ARM.attributes
                0x00000b01       0x34 c:/emblocks/2.30/share/em_armgcc/bin/../lib/gcc/arm-none-eabi/4.7.3/armv7e-m/fpu/crtend.o
 .ARM.attributes
                0x00000b35       0x22 c:/emblocks/2.30/share/em_armgcc/bin/../lib/gcc/arm-none-eabi/4.7.3/armv7e-m/fpu/crtn.o

.comment        0x00000000       0x38
 .comment       0x00000000       0x38 .\_out_\debug\~#\libc\c_putc.o
                                 0x39 (size before relaxing)
 .comment       0x00000000       0x39 .\_out_\debug\~#\libc\c_puts.o
 .comment       0x00000000       0x39 .\_out_\debug\~#\libc\stdio\c_fcvt.o
 .comment       0x00000000       0x39 .\_out_\debug\~#\libc\stdio\c_output.o
 .comment       0x00000000       0x39 .\_out_\debug\~#\libc\stdio\c_printf.o
 .comment       0x00000000       0x39 .\_out_\debug\~#\libc\test_libc_custom.o
 .comment       0x00000000       0x39 .\_out_\debug\src\main.o
 .comment       0x00000000       0x39 .\_out_\debug\src\system_stm32f4xx.o

.debug_info     0x00000000     0x1210
 .debug_info    0x00000000       0xbe .\_out_\debug\~#\libc\c_putc.o
 .debug_info    0x000000be       0xd1 .\_out_\debug\~#\libc\c_puts.o
 .debug_info    0x0000018f      0x21b .\_out_\debug\~#\libc\stdio\c_fcvt.o
 .debug_info    0x000003aa      0x510 .\_out_\debug\~#\libc\stdio\c_output.o
 .debug_info    0x000008ba      0x155 .\_out_\debug\~#\libc\stdio\c_printf.o
 .debug_info    0x00000a0f       0xa6 .\_out_\debug\~#\libc\test_libc_custom.o
 .debug_info    0x00000ab5       0xd3 .\_out_\debug\src\main.o
 .debug_info    0x00000b88       0x5f .\_out_\debug\src\startup_stm32f4xx.o
 .debug_info    0x00000be7      0x629 .\_out_\debug\src\system_stm32f4xx.o

.debug_abbrev   0x00000000      0x5b1
 .debug_abbrev  0x00000000       0x63 .\_out_\debug\~#\libc\c_putc.o
 .debug_abbrev  0x00000063       0x6c .\_out_\debug\~#\libc\c_puts.o
 .debug_abbrev  0x000000cf       0xb5 .\_out_\debug\~#\libc\stdio\c_fcvt.o
 .debug_abbrev  0x00000184      0x15a .\_out_\debug\~#\libc\stdio\c_output.o
 .debug_abbrev  0x000002de       0xcd .\_out_\debug\~#\libc\stdio\c_printf.o
 .debug_abbrev  0x000003ab       0x47 .\_out_\debug\~#\libc\test_libc_custom.o
 .debug_abbrev  0x000003f2       0x6e .\_out_\debug\src\main.o
 .debug_abbrev  0x00000460       0x14 .\_out_\debug\src\startup_stm32f4xx.o
 .debug_abbrev  0x00000474      0x13d .\_out_\debug\src\system_stm32f4xx.o

.debug_loc      0x00000000      0x338
 .debug_loc     0x00000000       0x38 .\_out_\debug\~#\libc\c_putc.o
 .debug_loc     0x00000038       0x38 .\_out_\debug\~#\libc\c_puts.o
 .debug_loc     0x00000070       0xaa .\_out_\debug\~#\libc\stdio\c_fcvt.o
 .debug_loc     0x0000011a       0xe4 .\_out_\debug\~#\libc\stdio\c_output.o
 .debug_loc     0x000001fe       0x46 .\_out_\debug\~#\libc\stdio\c_printf.o
 .debug_loc     0x00000244       0x2c .\_out_\debug\~#\libc\test_libc_custom.o
 .debug_loc     0x00000270       0x2c .\_out_\debug\src\main.o
 .debug_loc     0x0000029c       0x9c .\_out_\debug\src\system_stm32f4xx.o

.debug_aranges  0x00000000      0x158
 .debug_aranges
                0x00000000       0x20 .\_out_\debug\~#\libc\c_putc.o
 .debug_aranges
                0x00000020       0x20 .\_out_\debug\~#\libc\c_puts.o
 .debug_aranges
                0x00000040       0x30 .\_out_\debug\~#\libc\stdio\c_fcvt.o
 .debug_aranges
                0x00000070       0x38 .\_out_\debug\~#\libc\stdio\c_output.o
 .debug_aranges
                0x000000a8       0x20 .\_out_\debug\~#\libc\stdio\c_printf.o
 .debug_aranges
                0x000000c8       0x20 .\_out_\debug\~#\libc\test_libc_custom.o
 .debug_aranges
                0x000000e8       0x20 .\_out_\debug\src\main.o
 .debug_aranges
                0x00000108       0x20 .\_out_\debug\src\startup_stm32f4xx.o
 .debug_aranges
                0x00000128       0x30 .\_out_\debug\src\system_stm32f4xx.o

.debug_ranges   0x00000000       0xd0
 .debug_ranges  0x00000000       0x10 .\_out_\debug\~#\libc\c_putc.o
 .debug_ranges  0x00000010       0x10 .\_out_\debug\~#\libc\c_puts.o
 .debug_ranges  0x00000020       0x20 .\_out_\debug\~#\libc\stdio\c_fcvt.o
 .debug_ranges  0x00000040       0x40 .\_out_\debug\~#\libc\stdio\c_output.o
 .debug_ranges  0x00000080       0x10 .\_out_\debug\~#\libc\stdio\c_printf.o
 .debug_ranges  0x00000090       0x10 .\_out_\debug\~#\libc\test_libc_custom.o
 .debug_ranges  0x000000a0       0x10 .\_out_\debug\src\main.o
 .debug_ranges  0x000000b0       0x20 .\_out_\debug\src\system_stm32f4xx.o

.debug_macro    0x00000000     0x261a
 .debug_macro   0x00000000      0x1ac .\_out_\debug\~#\libc\c_putc.o
 .debug_macro   0x000001ac      0x820 .\_out_\debug\~#\libc\c_putc.o
 .debug_macro   0x000009cc       0x58 .\_out_\debug\~#\libc\c_putc.o
 .debug_macro   0x00000a24       0x16 .\_out_\debug\~#\libc\c_putc.o
 .debug_macro   0x00000a3a       0x35 .\_out_\debug\~#\libc\c_putc.o
 .debug_macro   0x00000a6f       0xa2 .\_out_\debug\~#\libc\c_putc.o
 .debug_macro   0x00000b11       0x16 .\_out_\debug\~#\libc\c_putc.o
 .debug_macro   0x00000b27       0x97 .\_out_\debug\~#\libc\c_putc.o
 .debug_macro   0x00000bbe       0x10 .\_out_\debug\~#\libc\c_putc.o
 .debug_macro   0x00000bce       0xf5 .\_out_\debug\~#\libc\c_putc.o
 .debug_macro   0x00000cc3       0x4a .\_out_\debug\~#\libc\c_putc.o
 .debug_macro   0x00000d0d       0x52 .\_out_\debug\~#\libc\c_putc.o
 .debug_macro   0x00000d5f       0x16 .\_out_\debug\~#\libc\c_putc.o
 .debug_macro   0x00000d75       0x43 .\_out_\debug\~#\libc\c_putc.o
 .debug_macro   0x00000db8      0x180 .\_out_\debug\~#\libc\c_putc.o
 .debug_macro   0x00000f38       0x10 .\_out_\debug\~#\libc\c_putc.o
 .debug_macro   0x00000f48       0x22 .\_out_\debug\~#\libc\c_putc.o
 .debug_macro   0x00000f6a       0xbd .\_out_\debug\~#\libc\c_putc.o
 .debug_macro   0x00001027       0x16 .\_out_\debug\~#\libc\c_putc.o
 .debug_macro   0x0000103d      0x16c .\_out_\debug\~#\libc\c_putc.o
 .debug_macro   0x000011a9       0x16 .\_out_\debug\~#\libc\c_putc.o
 .debug_macro   0x000011bf       0x35 .\_out_\debug\~#\libc\c_putc.o
 .debug_macro   0x000011f4       0x16 .\_out_\debug\~#\libc\c_putc.o
 .debug_macro   0x0000120a       0x29 .\_out_\debug\~#\libc\c_putc.o
 .debug_macro   0x00001233       0x52 .\_out_\debug\~#\libc\c_putc.o
 .debug_macro   0x00001285       0x2b .\_out_\debug\~#\libc\c_putc.o
 .debug_macro   0x000012b0       0xee .\_out_\debug\~#\libc\c_putc.o
 .debug_macro   0x0000139e      0x2a6 .\_out_\debug\~#\libc\c_putc.o
 .debug_macro   0x00001644       0x10 .\_out_\debug\~#\libc\c_putc.o
 .debug_macro   0x00001654       0x1f .\_out_\debug\~#\libc\c_putc.o
 .debug_macro   0x00001673       0x16 .\_out_\debug\~#\libc\c_putc.o
 .debug_macro   0x00001689       0x1c .\_out_\debug\~#\libc\c_putc.o
 .debug_macro   0x000016a5      0x1ac .\_out_\debug\~#\libc\c_puts.o
 .debug_macro   0x00001851      0x1bf .\_out_\debug\~#\libc\stdio\c_fcvt.o
 .debug_macro   0x00001a10      0x1e1 .\_out_\debug\~#\libc\stdio\c_fcvt.o
 .debug_macro   0x00001bf1      0x1fb .\_out_\debug\~#\libc\stdio\c_output.o
 .debug_macro   0x00001dec      0x1ac .\_out_\debug\~#\libc\stdio\c_printf.o
 .debug_macro   0x00001f98      0x1ac .\_out_\debug\~#\libc\test_libc_custom.o
 .debug_macro   0x00002144      0x31e .\_out_\debug\src\main.o
 .debug_macro   0x00002462      0x1b8 .\_out_\debug\src\system_stm32f4xx.o

.debug_line     0x00000000     0x2773
 .debug_line    0x00000000      0x3d5 .\_out_\debug\~#\libc\c_putc.o
 .debug_line    0x000003d5      0x3dc .\_out_\debug\~#\libc\c_puts.o
 .debug_line    0x000007b1      0x474 .\_out_\debug\~#\libc\stdio\c_fcvt.o
 .debug_line    0x00000c25      0x748 .\_out_\debug\~#\libc\stdio\c_output.o
 .debug_line    0x0000136d      0x3df .\_out_\debug\~#\libc\stdio\c_printf.o
 .debug_line    0x0000174c      0x3e3 .\_out_\debug\~#\libc\test_libc_custom.o
 .debug_line    0x00001b2f      0x66e .\_out_\debug\src\main.o
 .debug_line    0x0000219d       0xcc .\_out_\debug\src\startup_stm32f4xx.o
 .debug_line    0x00002269      0x50a .\_out_\debug\src\system_stm32f4xx.o

.debug_str      0x00000000    0x5a2be
 .debug_str     0x00000000     0x592b .\_out_\debug\~#\libc\c_putc.o
                               0x5ac1 (size before relaxing)
 .debug_str     0x0000592b       0x1f .\_out_\debug\~#\libc\c_puts.o
                               0x5acf (size before relaxing)
 .debug_str     0x0000594a      0xa41 .\_out_\debug\~#\libc\stdio\c_fcvt.o
                               0x64f1 (size before relaxing)
 .debug_str     0x0000638b      0x1ce .\_out_\debug\~#\libc\stdio\c_output.o
                               0x66cb (size before relaxing)
 .debug_str     0x00006559       0x22 .\_out_\debug\~#\libc\stdio\c_printf.o
                               0x5b0a (size before relaxing)
 .debug_str     0x0000657b       0x2c .\_out_\debug\~#\libc\test_libc_custom.o
                               0x5acf (size before relaxing)
 .debug_str     0x000065a7    0x53ab0 .\_out_\debug\src\main.o
                              0x59645 (size before relaxing)
 .debug_str     0x0005a057      0x267 .\_out_\debug\src\system_stm32f4xx.o
                              0x56264 (size before relaxing)

.debug_frame    0x00000000      0xdd4
 .debug_frame   0x00000000       0x30 .\_out_\debug\~#\libc\c_putc.o
 .debug_frame   0x00000030       0x30 .\_out_\debug\~#\libc\c_puts.o
 .debug_frame   0x00000060       0x70 .\_out_\debug\~#\libc\stdio\c_fcvt.o
 .debug_frame   0x000000d0       0x8c .\_out_\debug\~#\libc\stdio\c_output.o
 .debug_frame   0x0000015c       0x3c .\_out_\debug\~#\libc\stdio\c_printf.o
 .debug_frame   0x00000198       0x2c .\_out_\debug\~#\libc\test_libc_custom.o
 .debug_frame   0x000001c4       0x2c .\_out_\debug\src\main.o
 .debug_frame   0x000001f0       0x64 .\_out_\debug\src\system_stm32f4xx.o
 .debug_frame   0x00000254      0x2fc c:/emblocks/2.30/share/em_armgcc/bin/../lib/gcc/arm-none-eabi/4.7.3/../../../../arm-none-eabi/lib/armv7e-m/fpu\librdimon.a(rdimon-syscalls.o)
 .debug_frame   0x00000550       0x50 c:/emblocks/2.30/share/em_armgcc/bin/../lib/gcc/arm-none-eabi/4.7.3/armv7e-m/fpu\libgcc.a(bpabi.o)
 .debug_frame   0x000005a0       0x34 c:/emblocks/2.30/share/em_armgcc/bin/../lib/gcc/arm-none-eabi/4.7.3/armv7e-m/fpu\libgcc.a(_divdi3.o)
 .debug_frame   0x000005d4       0x34 c:/emblocks/2.30/share/em_armgcc/bin/../lib/gcc/arm-none-eabi/4.7.3/armv7e-m/fpu\libgcc.a(_udivdi3.o)
 .debug_frame   0x00000608       0x20 c:/emblocks/2.30/share/em_armgcc/bin/../lib/gcc/arm-none-eabi/4.7.3/../../../../arm-none-eabi/lib/armv7e-m/fpu\libc.a(lib_a-errno.o)
 .debug_frame   0x00000628       0x28 c:/emblocks/2.30/share/em_armgcc/bin/../lib/gcc/arm-none-eabi/4.7.3/../../../../arm-none-eabi/lib/armv7e-m/fpu\libc.a(lib_a-exit.o)
 .debug_frame   0x00000650      0x11c c:/emblocks/2.30/share/em_armgcc/bin/../lib/gcc/arm-none-eabi/4.7.3/../../../../arm-none-eabi/lib/armv7e-m/fpu\libc.a(lib_a-findfp.o)
 .debug_frame   0x0000076c       0x54 c:/emblocks/2.30/share/em_armgcc/bin/../lib/gcc/arm-none-eabi/4.7.3/../../../../arm-none-eabi/lib/armv7e-m/fpu\libc.a(lib_a-fwalk.o)
 .debug_frame   0x000007c0       0x2c c:/emblocks/2.30/share/em_armgcc/bin/../lib/gcc/arm-none-eabi/4.7.3/../../../../arm-none-eabi/lib/armv7e-m/fpu\libc.a(lib_a-init.o)
 .debug_frame   0x000007ec       0x38 c:/emblocks/2.30/share/em_armgcc/bin/../lib/gcc/arm-none-eabi/4.7.3/../../../../arm-none-eabi/lib/armv7e-m/fpu\libc.a(lib_a-mallocr.o)
 .debug_frame   0x00000824       0x2c c:/emblocks/2.30/share/em_armgcc/bin/../lib/gcc/arm-none-eabi/4.7.3/../../../../arm-none-eabi/lib/armv7e-m/fpu\libc.a(lib_a-memset.o)
 .debug_frame   0x00000850       0x30 c:/emblocks/2.30/share/em_armgcc/bin/../lib/gcc/arm-none-eabi/4.7.3/../../../../arm-none-eabi/lib/armv7e-m/fpu\libc.a(lib_a-mlock.o)
 .debug_frame   0x00000880       0x30 c:/emblocks/2.30/share/em_armgcc/bin/../lib/gcc/arm-none-eabi/4.7.3/../../../../arm-none-eabi/lib/armv7e-m/fpu\libc.a(lib_a-putchar.o)
 .debug_frame   0x000008b0       0x20 c:/emblocks/2.30/share/em_armgcc/bin/../lib/gcc/arm-none-eabi/4.7.3/../../../../arm-none-eabi/lib/armv7e-m/fpu\libc.a(lib_a-s_fpclassify.o)
 .debug_frame   0x000008d0       0x30 c:/emblocks/2.30/share/em_armgcc/bin/../lib/gcc/arm-none-eabi/4.7.3/../../../../arm-none-eabi/lib/armv7e-m/fpu\libc.a(lib_a-s_modf.o)
 .debug_frame   0x00000900       0x2c c:/emblocks/2.30/share/em_armgcc/bin/../lib/gcc/arm-none-eabi/4.7.3/../../../../arm-none-eabi/lib/armv7e-m/fpu\libc.a(lib_a-sbrkr.o)
 .debug_frame   0x0000092c       0x80 c:/emblocks/2.30/share/em_armgcc/bin/../lib/gcc/arm-none-eabi/4.7.3/../../../../arm-none-eabi/lib/armv7e-m/fpu\libc.a(lib_a-stdio.o)
 .debug_frame   0x000009ac       0x20 c:/emblocks/2.30/share/em_armgcc/bin/../lib/gcc/arm-none-eabi/4.7.3/../../../../arm-none-eabi/lib/armv7e-m/fpu\libc.a(lib_a-strlen.o)
 .debug_frame   0x000009cc       0x2c c:/emblocks/2.30/share/em_armgcc/bin/../lib/gcc/arm-none-eabi/4.7.3/../../../../arm-none-eabi/lib/armv7e-m/fpu\libc.a(lib_a-writer.o)
 .debug_frame   0x000009f8       0x48 c:/emblocks/2.30/share/em_armgcc/bin/../lib/gcc/arm-none-eabi/4.7.3/../../../../arm-none-eabi/lib/armv7e-m/fpu\libc.a(lib_a-__call_atexit.o)
 .debug_frame   0x00000a40       0x20 c:/emblocks/2.30/share/em_armgcc/bin/../lib/gcc/arm-none-eabi/4.7.3/../../../../arm-none-eabi/lib/armv7e-m/fpu\libc.a(lib_a-atexit.o)
 .debug_frame   0x00000a60       0x2c c:/emblocks/2.30/share/em_armgcc/bin/../lib/gcc/arm-none-eabi/4.7.3/../../../../arm-none-eabi/lib/armv7e-m/fpu\libc.a(lib_a-closer.o)
 .debug_frame   0x00000a8c       0x3c c:/emblocks/2.30/share/em_armgcc/bin/../lib/gcc/arm-none-eabi/4.7.3/../../../../arm-none-eabi/lib/armv7e-m/fpu\libc.a(lib_a-fclose.o)
 .debug_frame   0x00000ac8       0x5c c:/emblocks/2.30/share/em_armgcc/bin/../lib/gcc/arm-none-eabi/4.7.3/../../../../arm-none-eabi/lib/armv7e-m/fpu\libc.a(lib_a-fflush.o)
 .debug_frame   0x00000b24       0x2c c:/emblocks/2.30/share/em_armgcc/bin/../lib/gcc/arm-none-eabi/4.7.3/../../../../arm-none-eabi/lib/armv7e-m/fpu\libc.a(lib_a-fini.o)
 .debug_frame   0x00000b50       0x50 c:/emblocks/2.30/share/em_armgcc/bin/../lib/gcc/arm-none-eabi/4.7.3/../../../../arm-none-eabi/lib/armv7e-m/fpu\libc.a(lib_a-freer.o)
 .debug_frame   0x00000ba0       0x2c c:/emblocks/2.30/share/em_armgcc/bin/../lib/gcc/arm-none-eabi/4.7.3/../../../../arm-none-eabi/lib/armv7e-m/fpu\libc.a(lib_a-lseekr.o)
 .debug_frame   0x00000bcc       0x48 c:/emblocks/2.30/share/em_armgcc/bin/../lib/gcc/arm-none-eabi/4.7.3/../../../../arm-none-eabi/lib/armv7e-m/fpu\libc.a(lib_a-putc.o)
 .debug_frame   0x00000c14       0x2c c:/emblocks/2.30/share/em_armgcc/bin/../lib/gcc/arm-none-eabi/4.7.3/../../../../arm-none-eabi/lib/armv7e-m/fpu\libc.a(lib_a-readr.o)
 .debug_frame   0x00000c40       0x48 c:/emblocks/2.30/share/em_armgcc/bin/../lib/gcc/arm-none-eabi/4.7.3/../../../../arm-none-eabi/lib/armv7e-m/fpu\libc.a(lib_a-reent.o)
 .debug_frame   0x00000c88       0x44 c:/emblocks/2.30/share/em_armgcc/bin/../lib/gcc/arm-none-eabi/4.7.3/../../../../arm-none-eabi/lib/armv7e-m/fpu\libc.a(lib_a-wbuf.o)
 .debug_frame   0x00000ccc       0x2c c:/emblocks/2.30/share/em_armgcc/bin/../lib/gcc/arm-none-eabi/4.7.3/../../../../arm-none-eabi/lib/armv7e-m/fpu\libc.a(lib_a-wsetup.o)
 .debug_frame   0x00000cf8       0x34 c:/emblocks/2.30/share/em_armgcc/bin/../lib/gcc/arm-none-eabi/4.7.3/../../../../arm-none-eabi/lib/armv7e-m/fpu\libc.a(lib_a-__atexit.o)
 .debug_frame   0x00000d2c       0x30 c:/emblocks/2.30/share/em_armgcc/bin/../lib/gcc/arm-none-eabi/4.7.3/../../../../arm-none-eabi/lib/armv7e-m/fpu\libc.a(lib_a-makebuf.o)
 .debug_frame   0x00000d5c       0x2c c:/emblocks/2.30/share/em_armgcc/bin/../lib/gcc/arm-none-eabi/4.7.3/../../../../arm-none-eabi/lib/armv7e-m/fpu\libc.a(lib_a-fstatr.o)
 .debug_frame   0x00000d88       0x2c c:/emblocks/2.30/share/em_armgcc/bin/../lib/gcc/arm-none-eabi/4.7.3/../../../../arm-none-eabi/lib/armv7e-m/fpu\libc.a(lib_a-isattyr.o)
 .debug_frame   0x00000db4       0x20 c:/emblocks/2.30/share/em_armgcc/bin/../lib/gcc/arm-none-eabi/4.7.3/../../../../arm-none-eabi/lib/armv7e-m/fpu\libnosys.a(_exit.o)
